// Jest Snapshot v1, https://goo.gl/fbAQLP

exports[`Figure should render correctly 1`] = `
.emotion-0 {
  margin: 0;
  padding-bottom: 1.5rem;
  width: 100%;
}

<div>
  <figure
    class="emotion-0 emotion-1"
  />
</div>
`;
