// Jest Snapshot v1, https://goo.gl/fbAQLP

exports[`FooterContainer should render correctly 1`] = `
.emotion-0 {
  content-visibility: auto;
  contain-intrinsic-size: 33.125rem;
}

@media (min-width: 15rem) {
  .emotion-0 {
    contain-intrinsic-size: 26.563rem;
  }
}

@media (min-width: 20) {
  .emotion-0 {
    contain-intrinsic-size: 23.438rem;
  }
}

@media (min-width: 25rem) {
  .emotion-0 {
    contain-intrinsic-size: 21.875rem;
  }
}

@media (min-width: 37.5rem) {
  .emotion-0 {
    contain-intrinsic-size: 17.188rem;
  }
}

.emotion-3 {
  background-color: #B80000;
  min-height: 2.5rem;
  width: 100%;
  padding: 0 0.5rem;
  border-top: 0.0625rem solid transparent;
  position: relative;
  z-index: 1;
}

@media (min-width: 25rem) {
  .emotion-3 {
    min-height: 3.25rem;
    padding: 0 1rem;
  }
}

.emotion-5 {
  position: relative;
  display: -webkit-box;
  display: -webkit-flex;
  display: -ms-flexbox;
  display: flex;
  -webkit-box-pack: justify;
  -webkit-justify-content: space-between;
  justify-content: space-between;
  -webkit-align-items: center;
  -webkit-box-align: center;
  -ms-flex-align: center;
  align-items: center;
  -webkit-box-flex-wrap: wrap;
  -webkit-flex-wrap: wrap;
  -ms-flex-wrap: wrap;
  flex-wrap: wrap;
  max-width: 78rem;
  margin: 0 auto;
}

@media (max-width: 14.9375rem) {
  .emotion-5 {
    display: block;
  }
}

.emotion-7 {
  display: inline-block;
  width: 100%;
  max-width: 10.496849999999998rem;
  min-width: 6.9979rem;
  -webkit-flex: 1 1 6.9979rem;
  -ms-flex: 1 1 6.9979rem;
  flex: 1 1 6.9979rem;
  -ms-flex-preferred-size: 10.496849999999998rem;
}

@media (max-width: 14.9375rem) {
  .emotion-7 {
    display: block;
  }
}

.emotion-9 {
  box-sizing: content-box;
  color: #FFFFFF;
  fill: currentColor;
  padding-top: 0.625rem;
  padding-bottom: 0.375rem;
  height: 1.5rem;
  width: 100%;
  max-width: 10.496849999999998rem;
  min-width: 6.9979rem;
  -webkit-flex: 1 1 6.9979rem;
  -ms-flex: 1 1 6.9979rem;
  flex: 1 1 6.9979rem;
  -ms-flex-preferred-size: 10.496849999999998rem;
}

@media (min-width: 25rem) {
  .emotion-9 {
    padding-top: 1rem;
    padding-bottom: 0.75rem;
  }
}

@media (min-width: 37.5rem) {
  .emotion-9 {
    padding-top: 1.25rem;
    padding-bottom: 1rem;
  }
}

@media screen and (-ms-high-contrast: active),print {
  .emotion-9 {
    fill: windowText;
  }
}

.emotion-8:hover .emotion-9,
.emotion-8:focus .emotion-9 {
  -webkit-text-decoration: none;
  text-decoration: none;
  border-bottom: 0.25rem solid #FFFFFF;
  margin-bottom: -0.25rem;
}

.emotion-11 {
  -webkit-clip-path: inset(100%);
  clip-path: inset(100%);
  clip: rect(1px, 1px, 1px, 1px);
  height: 1px;
  overflow: hidden;
  position: absolute;
  width: 1px;
  margin: 0;
}

.emotion-13 {
  font-family: ReithSans,Helvetica,Arial,sans-serif;
  font-weight: 400;
  font-style: normal;
  background-color: #222222;
}

@media (max-width: 25rem) {
  .emotion-13 {
    padding: 0 0.5rem;
  }
}

@media (min-width: 25rem) {
  .emotion-13 {
    padding: 0 1rem;
  }
}

.emotion-15 {
  max-width: 80rem;
  margin: 0 auto;
}

.emotion-17 {
  border-bottom: 0.0625rem solid #3F3F42;
  -webkit-column-count: 4;
  column-count: 4;
  margin: 0;
  list-style-type: none;
  padding: 0.5rem 0;
}

@supports (grid-template-columns: fit-content(200px)) {
  .emotion-17 {
    display: grid;
    grid-auto-flow: column;
  }
}

@media (max-width: 14.9375rem) {
  .emotion-17 {
    grid-auto-flow: row;
    -webkit-column-count: 1;
    column-count: 1;
  }
}

@media (min-width: 15rem) and (max-width: 37.4375rem) {
  .emotion-17 {
    grid-column-gap: 0.5rem;
    grid-template-columns: repeat(2, 1fr);
    grid-template-rows: repeat(
          1,
          auto
        );
    -webkit-column-count: 2;
    column-count: 2;
  }
}

@media (min-width: 37.5rem) and (max-width: 62.9375rem) {
  .emotion-17 {
    grid-column-gap: 1rem;
    grid-template-columns: repeat(3, 1fr);
    grid-template-rows: repeat(
          1,
          auto
        );
    -webkit-column-count: 3;
    column-count: 3;
  }
}

@media (min-width: 63rem) and (max-width: 79.9375rem) {
  .emotion-17 {
    grid-column-gap: 1rem;
    grid-template-columns: repeat(4, 1fr);
    grid-template-rows: repeat(
          1,
          auto
        );
    -webkit-column-count: 4;
    column-count: 4;
  }
}

@media (min-width: 80rem) {
  .emotion-17 {
    grid-column-gap: 1rem;
    grid-template-columns: repeat(5, 1fr);
    grid-template-rows: repeat(
          1,
          auto
        );
    -webkit-column-count: 5;
    column-count: 5;
  }
}

.emotion-19 {
  min-width: 50%;
  -webkit-column-gap: 1rem;
  column-gap: 1rem;
  break-inside: avoid-column;
}

.emotion-21 {
  font-family: ReithSans,Helvetica,Arial,sans-serif;
  font-weight: 700;
  font-style: normal;
  color: #FFFFFF;
  display: block;
  padding: 0.75rem 0 0.75rem;
  -webkit-text-decoration: none;
  text-decoration: none;
}

.emotion-21:hover,
.emotion-21:focus {
  -webkit-text-decoration: underline;
  text-decoration: underline;
}

.emotion-23 {
  color: #FFFFFF;
  margin: 0;
  padding: 1rem 0;
}

.emotion-25 {
  font-family: ReithSans,Helvetica,Arial,sans-serif;
  font-weight: 700;
  font-style: normal;
  color: #FFFFFF;
  display: inline;
  padding: 0.75rem 0 0.75rem;
  -webkit-text-decoration: none;
  text-decoration: none;
}

.emotion-25:hover,
.emotion-25:focus {
  -webkit-text-decoration: underline;
  text-decoration: underline;
}

<div>
  <footer
    class="emotion-0 emotion-1"
    role="contentinfo"
  >
    <div
      class="emotion-2 emotion-3 emotion-4"
    >
      <div
        class="emotion-5 emotion-6"
      >
        <a
          aria-labelledby="BrandLink-footer"
          class="emotion-7 emotion-8"
          href="/news"
          id="footer"
        >
          <svg
            aria-hidden="true"
            class="emotion-9 emotion-10"
            focusable="false"
            height="24"
            viewBox="0 0 167.95 24"
            xmlns="http://www.w3.org/2000/svg"
          >
            <g
              fill-rule="evenodd"
            >
              <path
                d="M84.32,0V24H58.82V0ZM79.26,16l-.41.25a11.91,11.91,0,0,1-6.07,1.85c-4.18,0-6.93-2.49-6.94-6.09s2.88-6.13,6.83-6.14a12,12,0,0,1,6,1.71l.4.22V4.6l-.17-.07A16.54,16.54,0,0,0,72.7,3.14a10.56,10.56,0,0,0-7.19,2.57,8.68,8.68,0,0,0-2.85,6.54A8.46,8.46,0,0,0,65,17.93a10,10,0,0,0,7.5,2.94h0a14,14,0,0,0,6.56-1.5l.15-.07Z M54.94,0V24H29.43V0ZM48.88,15.91a4.62,4.62,0,0,0-3.77-4.47,4.25,4.25,0,0,0,1.49-1.19,3.75,3.75,0,0,0,.72-2.34,4.17,4.17,0,0,0-1.39-3.13,6.33,6.33,0,0,0-4.36-1.41H36.12V20.65H42.5a7.18,7.18,0,0,0,4.9-1.53A4.27,4.27,0,0,0,48.88,15.91Z M45.7,15.57A2,2,0,0,1,45,17.16a4.22,4.22,0,0,1-2.85.79H39.22V13.23H42a4.89,4.89,0,0,1,2.82.68A1.93,1.93,0,0,1,45.7,15.57Z M43.32,9.92a2,2,0,0,0,.82-1.79,1.82,1.82,0,0,0-.58-1.43,3.33,3.33,0,0,0-2.26-.63H39.22v4.47h1.43A4.62,4.62,0,0,0,43.32,9.92Z M25.55,0V24H0V0ZM19.49,15.91a4.62,4.62,0,0,0-3.77-4.47,4.24,4.24,0,0,0,1.49-1.19,3.75,3.75,0,0,0,.72-2.34,4.18,4.18,0,0,0-1.39-3.13,6.33,6.33,0,0,0-4.36-1.41H6.74V20.65h6.38A7.18,7.18,0,0,0,18,19.12,4.27,4.27,0,0,0,19.49,15.91Z M13.93,9.92a2,2,0,0,0,.82-1.79,1.82,1.82,0,0,0-.58-1.43,3.33,3.33,0,0,0-2.26-.63H9.83v4.47h1.43A4.62,4.62,0,0,0,13.93,9.92Z M15.47,13.91a4.89,4.89,0,0,0-2.82-.68H9.83V18h2.94a4.23,4.23,0,0,0,2.85-.79,2,2,0,0,0,.69-1.59A1.93,1.93,0,0,0,15.47,13.91Z"
              />
              <path
                d="M111,3.36h2.36V20.7h-2.13L99.66,7.35V20.7H97.33V3.36h2L111,16.83Z"
              />
              <path
                d="m117.86 3.36h9.83v2.21h-7.35v5.29h7.1v2.22h-7.1v5.39h7.58v2.21h-10.06z M154.18,3.36h2.48l-7,17.41h-.55l-5.67-14.1-5.73,14.1h-.53l-7-17.41h2.5l4.78,12,4.81-12h2.35l4.83,12Z M163.38,13.43l-1.89-1.15A8.57,8.57,0,0,1,159,10.16a4,4,0,0,1-.75-2.41,4.26,4.26,0,0,1,1.42-3.33,5.31,5.31,0,0,1,3.69-1.28,7,7,0,0,1,4,1.22V7.17a5.74,5.74,0,0,0-4-1.8,3.34,3.34,0,0,0-2,.56,1.71,1.71,0,0,0-.78,1.44,2.22,2.22,0,0,0,.58,1.46,7.25,7.25,0,0,0,1.85,1.43l1.9,1.12Q168,13.28,168,16.21a4.42,4.42,0,0,1-1.4,3.39A5.11,5.11,0,0,1,163,20.9a7.63,7.63,0,0,1-4.68-1.58V16.17a5.84,5.84,0,0,0,4.65,2.55,2.93,2.93,0,0,0,1.94-.65,2,2,0,0,0,.78-1.63Q165.67,14.85,163.38,13.43Z"
              />
            </g>
          </svg>
          <span
            class="emotion-11 emotion-12"
          >
            BBC News
          </span>
        </a>
      </div>
    </div>
    <div
      class="emotion-13 emotion-14"
    >
      <div
        class="emotion-15 emotion-16"
      >
        <ul
          class="emotion-17 emotion-18"
          role="list"
        >
          <li
            class="emotion-19 emotion-20"
            role="listitem"
          >
            <a
              class="emotion-21 emotion-22"
              href="https://www.bbc.com/yoruba/institutional-48528718"
            >
              Why you can trust the BBC
            </a>
          </li>
        </ul>
        <p
          class="emotion-23 emotion-24"
        >
          <span
            lang="en-GB"
          >
            Â©
             
          </span>
          3000 BBC. The BBC is not responsible for the content of external sites.
           
          <a
            class="emotion-25 emotion-22"
            href="https://www.bbc.co.uk/editorialguidelines/guidance/feeds-and-links"
          >
            Read about our approach to external linking.
          </a>
        </p>
      </div>
    </div>
  </footer>
</div>
`;
