// Jest Snapshot v1, https://goo.gl/fbAQLP

exports[`VisuallyHiddenText should render off screen text for screen readers 1`] = `
.emotion-0 {
  -webkit-clip-path: inset(100%);
  clip-path: inset(100%);
  clip: rect(1px, 1px, 1px, 1px);
  height: 1px;
  overflow: hidden;
  position: absolute;
  width: 1px;
  margin: 0;
}

<div>
  <span
    class="emotion-0 emotion-1"
  >
    Some offscreen text
  </span>
</div>
`;
