// Jest Snapshot v1, https://goo.gl/fbAQLP

exports[`Media Player: AMP Entry renders a landscape container with an amp-iframe and nested amp-img 1`] = `
.emotion-0 {
  padding-top: 56.25%;
  position: relative;
  overflow: hidden;
}

.emotion-2 {
  position: relative;
  height: 0;
  overflow: hidden;
  background-color: #F2F2F2;
  -webkit-background-position: center center;
  background-position: center center;
  background-repeat: no-repeat;
  -webkit-background-size: 60px 17px;
  background-size: 60px 17px;
  width: 100%;
  background-image: url(data:image/svg+xml;base64,PD94bWwgdmVyc2lvbj0iMS4wIiBlbmNvZGluZz0iVVRGLTgiPz48c3ZnIHdpZHRoPSI0NzkiIGhlaWdodD0iMTM2IiB4bWxucz0iaHR0cDovL3d3dy53My5vcmcvMjAwMC9zdmciPjxnIGZpbGw9Im5vbmUiIGZpbGwtcnVsZT0iZXZlbm9kZCI+PGcgZmlsbD0iI0Q1RDBDRCI+PGc+PHBhdGggZD0iTTQ0OS41NTYgOTEuNTUzbC0yLjMxIDEuNDFjLTExLjE2NyA2LjgxOC0yMy4zMTMgMTAuNDc0LTM0LjM0NiAxMC40Ny0yMy42MS0uMDktMzkuMTYzLTE0LjA4My0zOS4yMjctMzQuNDUzLjAzLTE5LjkxOCAxNi4yNy0zNC42NjMgMzguNjMzLTM0LjcxOCAxMS4zODcuMDEgMjEuNzAzIDIuOTU0IDMzLjk2MiA5LjY3MmwyLjI1MSAxLjI0di0xOC4xOWwtLjk2Mi0uMzc3Yy0xMy44MjQtNS40NTgtMjQuNTMtNy44OS0zNS4xMDMtNy44ODQtMTYuMzQ2LS4wMDYtMzAuNTMzIDUuMzk0LTQwLjYzNyAxNC41NTctMTAuMTA1IDkuMTYzLTE2LjEwNiAyMi4xMDItMTYuMDk5IDM2Ljk1My4wMDggMTAuMzQ4IDQuMjc5IDIyLjQ4IDEzLjQyIDMyLjEwNSA5LjEyMSA5LjYyOCAyMy4xNjUgMTYuNjQ4IDQyLjQzIDE2LjYzOWguMDYzYzE1Ljk4IDAgMjcuMDYyLTMuNTYzIDM3LjA3NC04LjQ5MmwuODUxLS40MTRWOTEuNTUzek0zMzQgMTM1LjY5N2gxNDQuMTk1VjBIMzM0djEzNS42OTd6Ii8+PHBhdGggZD0iTTI3Ni45MzcgODkuOTY4Yy4wNDEtMTIuMzMtOC4xNzEtMjEuNjk2LTIxLjMwOC0yNS4zIDMuNTQ0LTEuODA5IDYuMzUtNC4wMjMgOC40MDQtNi43MjcgMi43NS0zLjYyMiA0LjA2MS04LjA2NCA0LjA0Ni0xMy4yMzUuMDE1LTYuMzU5LTIuNDg2LTEyLjgzOS03Ljg1OC0xNy42ODctNS4zNzItNC44NDctMTMuNTI2LTcuOTk3LTI0LjY1NC03Ljk5MUgyMDQuODN2OTcuNzI4aDM2LjA3M2MxMi44NyAwIDIxLjkwNi0zLjQ4MiAyNy43MjItOC42NSA1LjgxOC01LjE1NSA4LjMyLTExLjkxIDguMzEyLTE4LjEzOHpNMTY3IDEzNS42OThoMTQ0LjE5N1YwSDE2N3YxMzUuNjk3eiIvPjxwYXRoIGQ9Ik0xMDkuOTM3IDg5Ljk2OGMuMDQxLTEyLjMzLTguMTcxLTIxLjY5Ni0yMS4zMDgtMjUuMyAzLjU0NC0xLjgwOSA2LjM1LTQuMDIzIDguNDA0LTYuNzI3IDIuNzUtMy42MjIgNC4wNjEtOC4wNjQgNC4wNDYtMTMuMjM1LjAxNS02LjM1OS0yLjQ4Ni0xMi44MzktNy44NTgtMTcuNjg3LTUuMzcyLTQuODQ3LTEzLjUyNi03Ljk5Ny0yNC42NTQtNy45OTFIMzcuODN2OTcuNzI4aDM2LjA3M2MxMi44NyAwIDIxLjkwNi0zLjQ4MiAyNy43MjItOC42NSA1LjgxOC01LjE1NSA4LjMyLTExLjkxIDguMzEyLTE4LjEzOHpNMCAxMzUuNjk4aDE0NC4xOTdWMEgwdjEzNS42OTd6Ii8+PHBhdGggZD0iTTI1OC42NjIgODguMTk4Yy0uMDEzIDMuMjI5LTEuMDA3IDYuNDc1LTMuODk2IDkuMDExLTIuODg0IDIuNTM3LTcuODczIDQuNDYzLTE2LjEzMyA0LjQ2M0gyMjJWNzVoMTUuODkzYzcuNDExIDAgMTIuNjcgMS41MDIgMTUuOTY1IDMuODUgMy4yODkgMi4zNjIgNC43NzYgNS40NjMgNC44MDQgOS4zNDgiLz48cGF0aCBkPSJNOTEuNjYyIDg4LjE5OGMtLjAxMyAzLjIyOS0xLjAwNyA2LjQ3NS0zLjg5NiA5LjAxMS0yLjg4NCAyLjUzNy03Ljg3NCA0LjQ2My0xNi4xMzMgNC40NjNINTVWNzVoMTUuODkyYzcuNDEyIDAgMTIuNjcyIDEuNTAyIDE1Ljk2NiAzLjg1IDMuMjg5IDIuMzYyIDQuNzc2IDUuNDYzIDQuODA0IDkuMzQ4Ii8+PHBhdGggZD0iTTI0NS4xODYgNTUuNzljMy4wOTYtMi4yMzcgNC41OS01LjM4NiA0LjYxMy0xMC4xMjQtLjAxNS0zLjI1LS45NDMtNi4wMzMtMy4yODEtOC4xMTEtMi4zNDYtMi4wNzgtNi4zMy0zLjU1NS0xMi43NTQtMy41NTVIMjIydjI1LjI3NWg4LjA3NmM2Ljk4OC4wMDQgMTEuOTk4LTEuMjQzIDE1LjExLTMuNDg2Ii8+PHBhdGggZD0iTTc4LjE4NiA1NS43OWMzLjA5Ni0yLjIzNyA0LjU5LTUuMzg2IDQuNjEzLTEwLjEyNC0uMDE1LTMuMjUtLjk0My02LjAzMy0zLjI4Mi04LjExMUM3Ny4xNzIgMzUuNDc3IDczLjE4OCAzNCA2Ni43NjQgMzRINTV2MjUuMjc1aDguMDc2YzYuOTg4LjAwNCAxMS45OTgtMS4yNDMgMTUuMTEtMy40ODYiLz48L2c+PC9nPjwvZz48L3N2Zz4K);
}

@media (min-width: 25rem) {
  .emotion-2 {
    -webkit-background-size: 77px 22px;
    background-size: 77px 22px;
  }
}

@media (min-width: 63rem) {
  .emotion-2 {
    -webkit-background-size: 93px 27px;
    background-size: 93px 27px;
  }
}

<div>
  <div
    class="emotion-0 emotion-1"
  >
    <amp-iframe
      allowfullscreen="allowfullscreen"
      data-e2e="media-player"
      frameborder="0"
      layout="fill"
      sandbox="allow-scripts allow-same-origin"
      scrolling="no"
      src="http://foo.bar/iframe/amp"
      title="Media player"
    >
      <div
        class="emotion-2 emotion-3"
        data-e2e="image-placeholder"
        placeholder=""
        style="padding-bottom: 56.25%;"
      />
      <noscript />
    </amp-iframe>
  </div>
</div>
`;

exports[`Media Player: AMP Entry renders a portrait container with amp-iframe and nested amp-img 1`] = `
.emotion-0 {
  padding-top: 177.78%;
  position: relative;
  overflow: hidden;
}

.emotion-2 {
  position: relative;
  height: 0;
  overflow: hidden;
  background-color: #F2F2F2;
  -webkit-background-position: center center;
  background-position: center center;
  background-repeat: no-repeat;
  -webkit-background-size: 60px 17px;
  background-size: 60px 17px;
  width: 100%;
  background-image: url(data:image/svg+xml;base64,PD94bWwgdmVyc2lvbj0iMS4wIiBlbmNvZGluZz0iVVRGLTgiPz48c3ZnIHdpZHRoPSI0NzkiIGhlaWdodD0iMTM2IiB4bWxucz0iaHR0cDovL3d3dy53My5vcmcvMjAwMC9zdmciPjxnIGZpbGw9Im5vbmUiIGZpbGwtcnVsZT0iZXZlbm9kZCI+PGcgZmlsbD0iI0Q1RDBDRCI+PGc+PHBhdGggZD0iTTQ0OS41NTYgOTEuNTUzbC0yLjMxIDEuNDFjLTExLjE2NyA2LjgxOC0yMy4zMTMgMTAuNDc0LTM0LjM0NiAxMC40Ny0yMy42MS0uMDktMzkuMTYzLTE0LjA4My0zOS4yMjctMzQuNDUzLjAzLTE5LjkxOCAxNi4yNy0zNC42NjMgMzguNjMzLTM0LjcxOCAxMS4zODcuMDEgMjEuNzAzIDIuOTU0IDMzLjk2MiA5LjY3MmwyLjI1MSAxLjI0di0xOC4xOWwtLjk2Mi0uMzc3Yy0xMy44MjQtNS40NTgtMjQuNTMtNy44OS0zNS4xMDMtNy44ODQtMTYuMzQ2LS4wMDYtMzAuNTMzIDUuMzk0LTQwLjYzNyAxNC41NTctMTAuMTA1IDkuMTYzLTE2LjEwNiAyMi4xMDItMTYuMDk5IDM2Ljk1My4wMDggMTAuMzQ4IDQuMjc5IDIyLjQ4IDEzLjQyIDMyLjEwNSA5LjEyMSA5LjYyOCAyMy4xNjUgMTYuNjQ4IDQyLjQzIDE2LjYzOWguMDYzYzE1Ljk4IDAgMjcuMDYyLTMuNTYzIDM3LjA3NC04LjQ5MmwuODUxLS40MTRWOTEuNTUzek0zMzQgMTM1LjY5N2gxNDQuMTk1VjBIMzM0djEzNS42OTd6Ii8+PHBhdGggZD0iTTI3Ni45MzcgODkuOTY4Yy4wNDEtMTIuMzMtOC4xNzEtMjEuNjk2LTIxLjMwOC0yNS4zIDMuNTQ0LTEuODA5IDYuMzUtNC4wMjMgOC40MDQtNi43MjcgMi43NS0zLjYyMiA0LjA2MS04LjA2NCA0LjA0Ni0xMy4yMzUuMDE1LTYuMzU5LTIuNDg2LTEyLjgzOS03Ljg1OC0xNy42ODctNS4zNzItNC44NDctMTMuNTI2LTcuOTk3LTI0LjY1NC03Ljk5MUgyMDQuODN2OTcuNzI4aDM2LjA3M2MxMi44NyAwIDIxLjkwNi0zLjQ4MiAyNy43MjItOC42NSA1LjgxOC01LjE1NSA4LjMyLTExLjkxIDguMzEyLTE4LjEzOHpNMTY3IDEzNS42OThoMTQ0LjE5N1YwSDE2N3YxMzUuNjk3eiIvPjxwYXRoIGQ9Ik0xMDkuOTM3IDg5Ljk2OGMuMDQxLTEyLjMzLTguMTcxLTIxLjY5Ni0yMS4zMDgtMjUuMyAzLjU0NC0xLjgwOSA2LjM1LTQuMDIzIDguNDA0LTYuNzI3IDIuNzUtMy42MjIgNC4wNjEtOC4wNjQgNC4wNDYtMTMuMjM1LjAxNS02LjM1OS0yLjQ4Ni0xMi44MzktNy44NTgtMTcuNjg3LTUuMzcyLTQuODQ3LTEzLjUyNi03Ljk5Ny0yNC42NTQtNy45OTFIMzcuODN2OTcuNzI4aDM2LjA3M2MxMi44NyAwIDIxLjkwNi0zLjQ4MiAyNy43MjItOC42NSA1LjgxOC01LjE1NSA4LjMyLTExLjkxIDguMzEyLTE4LjEzOHpNMCAxMzUuNjk4aDE0NC4xOTdWMEgwdjEzNS42OTd6Ii8+PHBhdGggZD0iTTI1OC42NjIgODguMTk4Yy0uMDEzIDMuMjI5LTEuMDA3IDYuNDc1LTMuODk2IDkuMDExLTIuODg0IDIuNTM3LTcuODczIDQuNDYzLTE2LjEzMyA0LjQ2M0gyMjJWNzVoMTUuODkzYzcuNDExIDAgMTIuNjcgMS41MDIgMTUuOTY1IDMuODUgMy4yODkgMi4zNjIgNC43NzYgNS40NjMgNC44MDQgOS4zNDgiLz48cGF0aCBkPSJNOTEuNjYyIDg4LjE5OGMtLjAxMyAzLjIyOS0xLjAwNyA2LjQ3NS0zLjg5NiA5LjAxMS0yLjg4NCAyLjUzNy03Ljg3NCA0LjQ2My0xNi4xMzMgNC40NjNINTVWNzVoMTUuODkyYzcuNDEyIDAgMTIuNjcyIDEuNTAyIDE1Ljk2NiAzLjg1IDMuMjg5IDIuMzYyIDQuNzc2IDUuNDYzIDQuODA0IDkuMzQ4Ii8+PHBhdGggZD0iTTI0NS4xODYgNTUuNzljMy4wOTYtMi4yMzcgNC41OS01LjM4NiA0LjYxMy0xMC4xMjQtLjAxNS0zLjI1LS45NDMtNi4wMzMtMy4yODEtOC4xMTEtMi4zNDYtMi4wNzgtNi4zMy0zLjU1NS0xMi43NTQtMy41NTVIMjIydjI1LjI3NWg4LjA3NmM2Ljk4OC4wMDQgMTEuOTk4LTEuMjQzIDE1LjExLTMuNDg2Ii8+PHBhdGggZD0iTTc4LjE4NiA1NS43OWMzLjA5Ni0yLjIzNyA0LjU5LTUuMzg2IDQuNjEzLTEwLjEyNC0uMDE1LTMuMjUtLjk0My02LjAzMy0zLjI4Mi04LjExMUM3Ny4xNzIgMzUuNDc3IDczLjE4OCAzNCA2Ni43NjQgMzRINTV2MjUuMjc1aDguMDc2YzYuOTg4LjAwNCAxMS45OTgtMS4yNDMgMTUuMTEtMy40ODYiLz48L2c+PC9nPjwvZz48L3N2Zz4K);
}

@media (min-width: 25rem) {
  .emotion-2 {
    -webkit-background-size: 77px 22px;
    background-size: 77px 22px;
  }
}

@media (min-width: 63rem) {
  .emotion-2 {
    -webkit-background-size: 93px 27px;
    background-size: 93px 27px;
  }
}

<div>
  <div
    class="emotion-0 emotion-1"
  >
    <amp-iframe
      allowfullscreen="allowfullscreen"
      data-e2e="media-player"
      frameborder="0"
      layout="fill"
      sandbox="allow-scripts allow-same-origin"
      scrolling="no"
      src="http://foo.bar/iframe/amp"
      title="Media player"
    >
      <div
        class="emotion-2 emotion-3"
        data-e2e="image-placeholder"
        placeholder=""
        style="padding-bottom: 56.25%;"
      />
      <noscript />
    </amp-iframe>
  </div>
</div>
`;

exports[`Media Player: AMP Entry renders the audio skin 1`] = `
.emotion-0 {
  height: 165px;
  position: relative;
  margin-bottom: 1rem;
}

@media (min-width: 63rem) {
  .emotion-0 {
    margin-bottom: 2rem;
  }
}

.emotion-2 {
  position: relative;
  height: 0;
  overflow: hidden;
  background-color: #F2F2F2;
  -webkit-background-position: center center;
  background-position: center center;
  background-repeat: no-repeat;
  -webkit-background-size: 60px 17px;
  background-size: 60px 17px;
  width: 100%;
  background-image: url(data:image/svg+xml;base64,PD94bWwgdmVyc2lvbj0iMS4wIiBlbmNvZGluZz0iVVRGLTgiPz48c3ZnIHdpZHRoPSI0NzkiIGhlaWdodD0iMTM2IiB4bWxucz0iaHR0cDovL3d3dy53My5vcmcvMjAwMC9zdmciPjxnIGZpbGw9Im5vbmUiIGZpbGwtcnVsZT0iZXZlbm9kZCI+PGcgZmlsbD0iI0Q1RDBDRCI+PGc+PHBhdGggZD0iTTQ0OS41NTYgOTEuNTUzbC0yLjMxIDEuNDFjLTExLjE2NyA2LjgxOC0yMy4zMTMgMTAuNDc0LTM0LjM0NiAxMC40Ny0yMy42MS0uMDktMzkuMTYzLTE0LjA4My0zOS4yMjctMzQuNDUzLjAzLTE5LjkxOCAxNi4yNy0zNC42NjMgMzguNjMzLTM0LjcxOCAxMS4zODcuMDEgMjEuNzAzIDIuOTU0IDMzLjk2MiA5LjY3MmwyLjI1MSAxLjI0di0xOC4xOWwtLjk2Mi0uMzc3Yy0xMy44MjQtNS40NTgtMjQuNTMtNy44OS0zNS4xMDMtNy44ODQtMTYuMzQ2LS4wMDYtMzAuNTMzIDUuMzk0LTQwLjYzNyAxNC41NTctMTAuMTA1IDkuMTYzLTE2LjEwNiAyMi4xMDItMTYuMDk5IDM2Ljk1My4wMDggMTAuMzQ4IDQuMjc5IDIyLjQ4IDEzLjQyIDMyLjEwNSA5LjEyMSA5LjYyOCAyMy4xNjUgMTYuNjQ4IDQyLjQzIDE2LjYzOWguMDYzYzE1Ljk4IDAgMjcuMDYyLTMuNTYzIDM3LjA3NC04LjQ5MmwuODUxLS40MTRWOTEuNTUzek0zMzQgMTM1LjY5N2gxNDQuMTk1VjBIMzM0djEzNS42OTd6Ii8+PHBhdGggZD0iTTI3Ni45MzcgODkuOTY4Yy4wNDEtMTIuMzMtOC4xNzEtMjEuNjk2LTIxLjMwOC0yNS4zIDMuNTQ0LTEuODA5IDYuMzUtNC4wMjMgOC40MDQtNi43MjcgMi43NS0zLjYyMiA0LjA2MS04LjA2NCA0LjA0Ni0xMy4yMzUuMDE1LTYuMzU5LTIuNDg2LTEyLjgzOS03Ljg1OC0xNy42ODctNS4zNzItNC44NDctMTMuNTI2LTcuOTk3LTI0LjY1NC03Ljk5MUgyMDQuODN2OTcuNzI4aDM2LjA3M2MxMi44NyAwIDIxLjkwNi0zLjQ4MiAyNy43MjItOC42NSA1LjgxOC01LjE1NSA4LjMyLTExLjkxIDguMzEyLTE4LjEzOHpNMTY3IDEzNS42OThoMTQ0LjE5N1YwSDE2N3YxMzUuNjk3eiIvPjxwYXRoIGQ9Ik0xMDkuOTM3IDg5Ljk2OGMuMDQxLTEyLjMzLTguMTcxLTIxLjY5Ni0yMS4zMDgtMjUuMyAzLjU0NC0xLjgwOSA2LjM1LTQuMDIzIDguNDA0LTYuNzI3IDIuNzUtMy42MjIgNC4wNjEtOC4wNjQgNC4wNDYtMTMuMjM1LjAxNS02LjM1OS0yLjQ4Ni0xMi44MzktNy44NTgtMTcuNjg3LTUuMzcyLTQuODQ3LTEzLjUyNi03Ljk5Ny0yNC42NTQtNy45OTFIMzcuODN2OTcuNzI4aDM2LjA3M2MxMi44NyAwIDIxLjkwNi0zLjQ4MiAyNy43MjItOC42NSA1LjgxOC01LjE1NSA4LjMyLTExLjkxIDguMzEyLTE4LjEzOHpNMCAxMzUuNjk4aDE0NC4xOTdWMEgwdjEzNS42OTd6Ii8+PHBhdGggZD0iTTI1OC42NjIgODguMTk4Yy0uMDEzIDMuMjI5LTEuMDA3IDYuNDc1LTMuODk2IDkuMDExLTIuODg0IDIuNTM3LTcuODczIDQuNDYzLTE2LjEzMyA0LjQ2M0gyMjJWNzVoMTUuODkzYzcuNDExIDAgMTIuNjcgMS41MDIgMTUuOTY1IDMuODUgMy4yODkgMi4zNjIgNC43NzYgNS40NjMgNC44MDQgOS4zNDgiLz48cGF0aCBkPSJNOTEuNjYyIDg4LjE5OGMtLjAxMyAzLjIyOS0xLjAwNyA2LjQ3NS0zLjg5NiA5LjAxMS0yLjg4NCAyLjUzNy03Ljg3NCA0LjQ2My0xNi4xMzMgNC40NjNINTVWNzVoMTUuODkyYzcuNDEyIDAgMTIuNjcyIDEuNTAyIDE1Ljk2NiAzLjg1IDMuMjg5IDIuMzYyIDQuNzc2IDUuNDYzIDQuODA0IDkuMzQ4Ii8+PHBhdGggZD0iTTI0NS4xODYgNTUuNzljMy4wOTYtMi4yMzcgNC41OS01LjM4NiA0LjYxMy0xMC4xMjQtLjAxNS0zLjI1LS45NDMtNi4wMzMtMy4yODEtOC4xMTEtMi4zNDYtMi4wNzgtNi4zMy0zLjU1NS0xMi43NTQtMy41NTVIMjIydjI1LjI3NWg4LjA3NmM2Ljk4OC4wMDQgMTEuOTk4LTEuMjQzIDE1LjExLTMuNDg2Ii8+PHBhdGggZD0iTTc4LjE4NiA1NS43OWMzLjA5Ni0yLjIzNyA0LjU5LTUuMzg2IDQuNjEzLTEwLjEyNC0uMDE1LTMuMjUtLjk0My02LjAzMy0zLjI4Mi04LjExMUM3Ny4xNzIgMzUuNDc3IDczLjE4OCAzNCA2Ni43NjQgMzRINTV2MjUuMjc1aDguMDc2YzYuOTg4LjAwNCAxMS45OTgtMS4yNDMgMTUuMTEtMy40ODYiLz48L2c+PC9nPjwvZz48L3N2Zz4K);
}

@media (min-width: 25rem) {
  .emotion-2 {
    -webkit-background-size: 77px 22px;
    background-size: 77px 22px;
  }
}

@media (min-width: 63rem) {
  .emotion-2 {
    -webkit-background-size: 93px 27px;
    background-size: 93px 27px;
  }
}

<div>
  <div
    class="emotion-0 emotion-1"
  >
    <amp-iframe
      allowfullscreen="allowfullscreen"
      data-e2e="media-player"
      frameborder="0"
      layout="fill"
      sandbox="allow-scripts allow-same-origin"
      scrolling="no"
      src="https://www.test.bbc.com/ws/av-embeds/media/bbc_korean_radio/liveradio"
      title="Audio player"
    >
      <div
        class="emotion-2 emotion-3"
        data-e2e="image-placeholder"
        placeholder=""
        style="padding-bottom: 56.25%;"
      />
      <noscript />
    </amp-iframe>
  </div>
</div>
`;

exports[`Media Player: Canonical Entry renders a landscape container with a placeholder image 1`] = `
.emotion-0 {
  padding-top: 56.25%;
  position: relative;
  overflow: hidden;
}

.emotion-2 {
  position: absolute;
  top: 0;
  left: 0;
  width: 100%;
  height: 100%;
  cursor: pointer;
}

.emotion-2:hover .emotion-8,
.emotion-2:focus .emotion-8 {
  background-color: #B80000;
}

.emotion-4 {
  font-family: ReithSans,Helvetica,Arial,sans-serif;
  font-weight: 400;
  font-style: normal;
  font-size: 0.9375rem;
  line-height: 1.125rem;
  width: 100%;
  height: 100%;
  position: absolute;
  border: 0.0625rem solid transparent;
  color: #FFFFFF;
}

@media (min-width: 37.5rem) {
  .emotion-4 {
    font-size: 0.875rem;
  }
}

.emotion-6 {
  position: absolute;
  bottom: 0;
  display: none;
}

.emotion-9 {
  background-color: #222222;
  border: none;
  color: #FFFFFF;
  cursor: pointer;
  display: block;
  font-family: ReithSans,Helvetica,Arial,sans-serif;
  font-weight: 700;
  font-style: normal;
  font-size: 0.75rem;
  line-height: 1rem;
  height: 5rem;
  padding: 0;
  -webkit-transition: background-color 300ms;
  transition: background-color 300ms;
  width: 5rem;
  position: absolute;
  bottom: 0;
  left: 0;
}

.emotion-9:hover,
.emotion-9:focus {
  background-color: #B80000;
  -webkit-transition: background-color 300ms;
  transition: background-color 300ms;
}

.emotion-9:focus-visible::before {
  content: '';
  position: absolute;
  left: 0;
  right: 0;
  top: 0;
  bottom: 0;
  box-shadow: 0 0 0 0.1875rem #FFFFFF inset;
  border: 0.1875rem solid #000000;
}

.emotion-11 {
  -webkit-clip-path: inset(100%);
  clip-path: inset(100%);
  clip: rect(1px, 1px, 1px, 1px);
  height: 1px;
  overflow: hidden;
  position: absolute;
  width: 1px;
  margin: 0;
}

.emotion-13>svg {
  color: #FFFFFF;
  fill: currentColor;
  height: 1.5rem;
  margin-top: 0.5rem;
  width: 1.5rem;
}

.emotion-15 {
  vertical-align: middle;
  margin: 0 0.25rem;
  color: #222222;
  fill: currentColor;
  width: 0.75rem;
  height: 0.75rem;
}

.emotion-17 {
  display: block;
  margin-top: 0.5rem;
}

.emotion-19 {
  display: block;
  width: 100%;
}

<div>
  <div
    class="emotion-0 emotion-1"
    data-e2e="media-player"
  >
    <div
      class="emotion-2 emotion-3"
      data-e2e="media-player__placeholder"
    >
      <div
        class="emotion-4 emotion-5"
        data-e2e="media-player__guidance"
      >
        <noscript
          class="emotion-6 emotion-7"
        />
      </div>
      <button
        class="focusIndicatorRemove emotion-8 emotion-9 emotion-10"
      >
        <span
          class="emotion-11 emotion-12"
        >
          Play video, "Dog chases cat.", 2 minutes 30 seconds
        </span>
        <div
          aria-hidden="true"
          class="emotion-13 emotion-14"
        >
          <svg
            aria-hidden="true"
            class="emotion-15 emotion-16"
            focusable="false"
            height="12"
            viewBox="0 0 12 12"
            width="12"
            xmlns="http://www.w3.org/2000/svg"
          >
            <g
              fill="none"
              fill-rule="evenodd"
            >
              <path
                d="M.5.6h12v12H.5z"
              />
              <path
                d="M2.144.96v11.28l8.712-5.64z"
                fill="currentColor"
              />
            </g>
          </svg>
        </div>
        <time
          aria-hidden="true"
          class="emotion-17 emotion-18"
          datetime="PT2M30S"
        >
          2:30
        </time>
      </button>
      <img
        alt=""
        class="emotion-19 emotion-20"
        src="http://foo.bar/placeholder.png"
      />
    </div>
  </div>
</div>
`;

exports[`Media Player: Canonical Entry renders a placeholder image with guidance 1`] = `
.emotion-0 {
  padding-top: 56.25%;
  position: relative;
  overflow: hidden;
}

.emotion-2 {
  position: absolute;
  top: 0;
  left: 0;
  width: 100%;
  height: 100%;
  cursor: pointer;
}

.emotion-2:hover .emotion-10,
.emotion-2:focus .emotion-10 {
  background-color: #B80000;
}

.emotion-4 {
  font-family: ReithSans,Helvetica,Arial,sans-serif;
  font-weight: 400;
  font-style: normal;
  font-size: 0.9375rem;
  line-height: 1.125rem;
  width: 100%;
  height: 100%;
  position: absolute;
  border: 0.0625rem solid transparent;
  color: #FFFFFF;
  background-color: rgba(34, 34, 34, 0.75);
}

@media (min-width: 37.5rem) {
  .emotion-4 {
    font-size: 0.875rem;
  }
}

@media screen and (-ms-high-contrast: active) {
  .emotion-4 {
    background-color: transparent;
  }
}

.emotion-6 {
  display: block;
  font-weight: normal;
  padding: 0.5rem;
  border-bottom: 0.0625rem solid transparent;
}

@media screen and (-ms-high-contrast: active) {
  .emotion-6 {
    background-color: window;
  }
}

@media (min-width: 25rem) {
  .emotion-6 {
    padding: 1rem;
  }
}

.emotion-8 {
  position: absolute;
  bottom: 0;
  display: none;
}

.emotion-11 {
  background-color: #222222;
  border: none;
  color: #FFFFFF;
  cursor: pointer;
  display: block;
  font-family: ReithSans,Helvetica,Arial,sans-serif;
  font-weight: 700;
  font-style: normal;
  font-size: 0.75rem;
  line-height: 1rem;
  height: 5rem;
  padding: 0;
  -webkit-transition: background-color 300ms;
  transition: background-color 300ms;
  width: 5rem;
  position: absolute;
  bottom: 0;
  left: 0;
}

.emotion-11:hover,
.emotion-11:focus {
  background-color: #B80000;
  -webkit-transition: background-color 300ms;
  transition: background-color 300ms;
}

.emotion-11:focus-visible::before {
  content: '';
  position: absolute;
  left: 0;
  right: 0;
  top: 0;
  bottom: 0;
  box-shadow: 0 0 0 0.1875rem #FFFFFF inset;
  border: 0.1875rem solid #000000;
}

.emotion-13 {
  -webkit-clip-path: inset(100%);
  clip-path: inset(100%);
  clip: rect(1px, 1px, 1px, 1px);
  height: 1px;
  overflow: hidden;
  position: absolute;
  width: 1px;
  margin: 0;
}

.emotion-15>svg {
  color: #FFFFFF;
  fill: currentColor;
  height: 1.5rem;
  margin-top: 0.5rem;
  width: 1.5rem;
}

.emotion-17 {
  vertical-align: middle;
  margin: 0 0.25rem;
  color: #222222;
  fill: currentColor;
  width: 0.75rem;
  height: 0.75rem;
}

.emotion-19 {
  display: block;
  margin-top: 0.5rem;
}

.emotion-21 {
  display: block;
  width: 100%;
}

<div>
  <div
    class="emotion-0 emotion-1"
    data-e2e="media-player"
  >
    <div
      class="emotion-2 emotion-3"
      data-e2e="media-player__placeholder"
    >
      <div
        class="emotion-4 emotion-5"
        data-e2e="media-player__guidance"
      >
        <strong
          aria-hidden="true"
          class="guidance-message emotion-6 emotion-7"
        >
          May contain strong language, sexual or violent content that may offend.
        </strong>
        <noscript
          class="emotion-8 emotion-9"
        />
      </div>
      <button
        class="focusIndicatorRemove emotion-10 emotion-11 emotion-12"
      >
        <span
          class="emotion-13 emotion-14"
        >
          May contain strong language, sexual or violent content that may offend. Play video, "Dog chases cat.", 2 minutes 30 seconds
        </span>
        <div
          aria-hidden="true"
          class="emotion-15 emotion-16"
        >
          <svg
            aria-hidden="true"
            class="emotion-17 emotion-18"
            focusable="false"
            height="12"
            viewBox="0 0 12 12"
            width="12"
            xmlns="http://www.w3.org/2000/svg"
          >
            <g
              fill="none"
              fill-rule="evenodd"
            >
              <path
                d="M.5.6h12v12H.5z"
              />
              <path
                d="M2.144.96v11.28l8.712-5.64z"
                fill="currentColor"
              />
            </g>
          </svg>
        </div>
        <time
          aria-hidden="true"
          class="emotion-19 emotion-20"
          datetime="PT2M30S"
        >
          2:30
        </time>
      </button>
      <img
        alt=""
        class="emotion-21 emotion-22"
        src="http://foo.bar/placeholder.png"
      />
    </div>
  </div>
</div>
`;

exports[`Media Player: Canonical Entry renders a portrait container with a placeholder image 1`] = `
.emotion-0 {
  padding-top: 177.78%;
  position: relative;
  overflow: hidden;
}

.emotion-2 {
  position: absolute;
  top: 0;
  left: 0;
  width: 100%;
  height: 100%;
  cursor: pointer;
}

.emotion-2:hover .emotion-8,
.emotion-2:focus .emotion-8 {
  background-color: #B80000;
}

.emotion-4 {
  font-family: ReithSans,Helvetica,Arial,sans-serif;
  font-weight: 400;
  font-style: normal;
  font-size: 0.9375rem;
  line-height: 1.125rem;
  width: 100%;
  height: 100%;
  position: absolute;
  border: 0.0625rem solid transparent;
  color: #FFFFFF;
}

@media (min-width: 37.5rem) {
  .emotion-4 {
    font-size: 0.875rem;
  }
}

.emotion-6 {
  position: absolute;
  bottom: 0;
  display: none;
}

.emotion-9 {
  background-color: #222222;
  border: none;
  color: #FFFFFF;
  cursor: pointer;
  display: block;
  font-family: ReithSans,Helvetica,Arial,sans-serif;
  font-weight: 700;
  font-style: normal;
  font-size: 0.75rem;
  line-height: 1rem;
  height: 5rem;
  padding: 0;
  -webkit-transition: background-color 300ms;
  transition: background-color 300ms;
  width: 5rem;
  position: absolute;
  bottom: 0;
  left: 0;
}

.emotion-9:hover,
.emotion-9:focus {
  background-color: #B80000;
  -webkit-transition: background-color 300ms;
  transition: background-color 300ms;
}

.emotion-9:focus-visible::before {
  content: '';
  position: absolute;
  left: 0;
  right: 0;
  top: 0;
  bottom: 0;
  box-shadow: 0 0 0 0.1875rem #FFFFFF inset;
  border: 0.1875rem solid #000000;
}

.emotion-11 {
  -webkit-clip-path: inset(100%);
  clip-path: inset(100%);
  clip: rect(1px, 1px, 1px, 1px);
  height: 1px;
  overflow: hidden;
  position: absolute;
  width: 1px;
  margin: 0;
}

.emotion-13>svg {
  color: #FFFFFF;
  fill: currentColor;
  height: 1.5rem;
  margin-top: 0.5rem;
  width: 1.5rem;
}

.emotion-15 {
  vertical-align: middle;
  margin: 0 0.25rem;
  color: #222222;
  fill: currentColor;
  width: 0.75rem;
  height: 0.75rem;
}

.emotion-17 {
  display: block;
  margin-top: 0.5rem;
}

.emotion-19 {
  display: block;
  width: 100%;
}

<div>
  <div
    class="emotion-0 emotion-1"
    data-e2e="media-player"
  >
    <div
      class="emotion-2 emotion-3"
      data-e2e="media-player__placeholder"
    >
      <div
        class="emotion-4 emotion-5"
        data-e2e="media-player__guidance"
      >
        <noscript
          class="emotion-6 emotion-7"
        />
      </div>
      <button
        class="focusIndicatorRemove emotion-8 emotion-9 emotion-10"
      >
        <span
          class="emotion-11 emotion-12"
        >
          Play video, "Dog chases cat.", 2 minutes 30 seconds
        </span>
        <div
          aria-hidden="true"
          class="emotion-13 emotion-14"
        >
          <svg
            aria-hidden="true"
            class="emotion-15 emotion-16"
            focusable="false"
            height="12"
            viewBox="0 0 12 12"
            width="12"
            xmlns="http://www.w3.org/2000/svg"
          >
            <g
              fill="none"
              fill-rule="evenodd"
            >
              <path
                d="M.5.6h12v12H.5z"
              />
              <path
                d="M2.144.96v11.28l8.712-5.64z"
                fill="currentColor"
              />
            </g>
          </svg>
        </div>
        <time
          aria-hidden="true"
          class="emotion-17 emotion-18"
          datetime="PT2M30S"
        >
          2:30
        </time>
      </button>
      <img
        alt=""
        class="emotion-19 emotion-20"
        src="http://foo.bar/placeholder.png"
      />
    </div>
  </div>
</div>
`;

exports[`Media Player: Canonical Entry renders an iframe when showPlaceholder is false 1`] = `
.emotion-0 {
  padding-top: 56.25%;
  position: relative;
  overflow: hidden;
}

.emotion-2 {
  border: 0;
  left: 0;
  overflow: hidden;
  position: absolute;
  top: 0;
  width: 100%;
  height: 100%;
}

<div>
  <div
    class="emotion-0 emotion-1"
    data-e2e="media-player"
  >
    <iframe
      allow="autoplay"
      allowfullscreen=""
      class="emotion-2 emotion-3"
      height="362.953125"
      loading="lazy"
      scrolling="no"
      src="http://foo.bar/iframe"
      title="Media player"
      width="645.25"
    />
    <noscript />
  </div>
</div>
`;

exports[`Media Player: Canonical Entry renders the audio skin 1`] = `
.emotion-0 {
  height: 165px;
  position: relative;
  margin-bottom: 1rem;
}

@media (min-width: 63rem) {
  .emotion-0 {
    margin-bottom: 2rem;
  }
}

.emotion-2 {
  border: 0;
  left: 0;
  overflow: hidden;
  position: absolute;
  top: 0;
  width: 100%;
  height: 100%;
}

<div>
  <div
    class="emotion-0 emotion-1"
    data-e2e="media-player"
  >
    <iframe
      allow="autoplay"
      allowfullscreen=""
      class="emotion-2 emotion-3"
      height="362.953125"
      loading="lazy"
      scrolling="no"
      src="https://www.test.bbc.com/ws/av-embeds/media/bbc_korean_radio/liveradio"
      title="Audio player"
      width="645.25"
    />
    <noscript />
  </div>
</div>
`;

exports[`Media Player: Canonical Entry renders with no-js styles when noJsClassName prop is used 1`] = `
.emotion-0 {
  padding-top: 56.25%;
  position: relative;
  overflow: hidden;
}

.emotion-2 {
  position: absolute;
  top: 0;
  left: 0;
  width: 100%;
  height: 100%;
  cursor: default;
}

.emotion-2:hover .emotion-10,
.emotion-2:focus .emotion-10 {
  background-color: #B80000;
}

.emotion-4 {
  font-family: ReithSans,Helvetica,Arial,sans-serif;
  font-weight: 400;
  font-style: normal;
  font-size: 0.9375rem;
  line-height: 1.125rem;
  width: 100%;
  height: 100%;
  position: absolute;
  border: 0.0625rem solid transparent;
  color: #FFFFFF;
  background-color: rgba(34, 34, 34, 0.75);
}

@media (min-width: 37.5rem) {
  .emotion-4 {
    font-size: 0.875rem;
  }
}

@media screen and (-ms-high-contrast: active) {
  .emotion-4 {
    background-color: transparent;
  }
}

.no-js .emotion-4 {
  background-color: rgba(34, 34, 34, 0.75);
}

@media screen and (-ms-high-contrast: active) {
  .no-js .emotion-4 {
    background-color: transparent;
  }
}

.no-js .emotion-4 .guidance-message {
  display: none;
}

.emotion-6 {
  display: block;
  font-weight: normal;
  padding: 0.5rem;
  border-bottom: 0.0625rem solid transparent;
}

@media screen and (-ms-high-contrast: active) {
  .emotion-6 {
    background-color: window;
  }
}

@media (min-width: 25rem) {
  .emotion-6 {
    padding: 1rem;
  }
}

.emotion-8 {
  position: absolute;
  bottom: 0;
}

.emotion-11 {
  background-color: #222222;
  border: none;
  color: #FFFFFF;
  cursor: pointer;
  display: block;
  font-family: ReithSans,Helvetica,Arial,sans-serif;
  font-weight: 700;
  font-style: normal;
  font-size: 0.75rem;
  line-height: 1rem;
  height: 5rem;
  padding: 0;
  -webkit-transition: background-color 300ms;
  transition: background-color 300ms;
  width: 5rem;
  position: absolute;
  bottom: 0;
  left: 0;
}

.emotion-11:hover,
.emotion-11:focus {
  background-color: #B80000;
  -webkit-transition: background-color 300ms;
  transition: background-color 300ms;
}

.no-js .emotion-11 {
  display: none;
}

.emotion-11:focus-visible::before {
  content: '';
  position: absolute;
  left: 0;
  right: 0;
  top: 0;
  bottom: 0;
  box-shadow: 0 0 0 0.1875rem #FFFFFF inset;
  border: 0.1875rem solid #000000;
}

.emotion-13 {
  -webkit-clip-path: inset(100%);
  clip-path: inset(100%);
  clip: rect(1px, 1px, 1px, 1px);
  height: 1px;
  overflow: hidden;
  position: absolute;
  width: 1px;
  margin: 0;
}

.emotion-15>svg {
  color: #FFFFFF;
  fill: currentColor;
  height: 1.5rem;
  margin-top: 0.5rem;
  width: 1.5rem;
}

.emotion-17 {
  vertical-align: middle;
  margin: 0 0.25rem;
  color: #222222;
  fill: currentColor;
  width: 0.75rem;
  height: 0.75rem;
}

.emotion-19 {
  display: block;
  margin-top: 0.5rem;
}

.emotion-21 {
  display: block;
  width: 100%;
}

<div>
  <div
    class="emotion-0 emotion-1"
    data-e2e="media-player"
  >
    <div
      class="emotion-2 emotion-3"
      data-e2e="media-player__placeholder"
    >
      <div
        class="emotion-4 emotion-5"
        data-e2e="media-player__guidance"
      >
        <strong
          aria-hidden="true"
          class="guidance-message emotion-6 emotion-7"
        >
          May contain strong language, sexual or violent content that may offend.
        </strong>
        <noscript
          class="emotion-8 emotion-9"
        />
      </div>
      <button
        class="focusIndicatorRemove emotion-10 emotion-11 emotion-12"
      >
        <span
          class="emotion-13 emotion-14"
        >
          May contain strong language, sexual or violent content that may offend. Play video, "Dog chases cat.", 2 minutes 30 seconds
        </span>
        <div
          aria-hidden="true"
          class="emotion-15 emotion-16"
        >
          <svg
            aria-hidden="true"
            class="emotion-17 emotion-18"
            focusable="false"
            height="12"
            viewBox="0 0 12 12"
            width="12"
            xmlns="http://www.w3.org/2000/svg"
          >
            <g
              fill="none"
              fill-rule="evenodd"
            >
              <path
                d="M.5.6h12v12H.5z"
              />
              <path
                d="M2.144.96v11.28l8.712-5.64z"
                fill="currentColor"
              />
            </g>
          </svg>
        </div>
        <time
          aria-hidden="true"
          class="emotion-19 emotion-20"
          datetime="PT2M30S"
        >
          2:30
        </time>
      </button>
      <img
        alt=""
        class="emotion-21 emotion-22"
        src="http://foo.bar/placeholder.png"
      />
    </div>
  </div>
</div>
`;

exports[`Media Player: Canonical Entry shows a loading image before the player is ready when showLoadingImage is true 1`] = `
.emotion-0 {
  padding-top: 56.25%;
  position: relative;
  overflow: hidden;
}

.emotion-2 {
  z-index: 1;
  border: 0;
  left: 0;
  overflow: hidden;
  position: absolute;
  top: 0;
  width: 100%;
  height: 100%;
}

.emotion-4 {
  position: absolute;
  left: 0;
  top: 0;
  width: 100%;
  height: 100%;
}

.emotion-6 {
  position: relative;
  height: 0;
  overflow: hidden;
  background-color: #F2F2F2;
  -webkit-background-position: center center;
  background-position: center center;
  background-repeat: no-repeat;
  -webkit-background-size: 60px 17px;
  background-size: 60px 17px;
  width: 100%;
  background-image: url(data:image/svg+xml;base64,PD94bWwgdmVyc2lvbj0iMS4wIiBlbmNvZGluZz0iVVRGLTgiPz48c3ZnIHdpZHRoPSI0NzkiIGhlaWdodD0iMTM2IiB4bWxucz0iaHR0cDovL3d3dy53My5vcmcvMjAwMC9zdmciPjxnIGZpbGw9Im5vbmUiIGZpbGwtcnVsZT0iZXZlbm9kZCI+PGcgZmlsbD0iI0Q1RDBDRCI+PGc+PHBhdGggZD0iTTQ0OS41NTYgOTEuNTUzbC0yLjMxIDEuNDFjLTExLjE2NyA2LjgxOC0yMy4zMTMgMTAuNDc0LTM0LjM0NiAxMC40Ny0yMy42MS0uMDktMzkuMTYzLTE0LjA4My0zOS4yMjctMzQuNDUzLjAzLTE5LjkxOCAxNi4yNy0zNC42NjMgMzguNjMzLTM0LjcxOCAxMS4zODcuMDEgMjEuNzAzIDIuOTU0IDMzLjk2MiA5LjY3MmwyLjI1MSAxLjI0di0xOC4xOWwtLjk2Mi0uMzc3Yy0xMy44MjQtNS40NTgtMjQuNTMtNy44OS0zNS4xMDMtNy44ODQtMTYuMzQ2LS4wMDYtMzAuNTMzIDUuMzk0LTQwLjYzNyAxNC41NTctMTAuMTA1IDkuMTYzLTE2LjEwNiAyMi4xMDItMTYuMDk5IDM2Ljk1My4wMDggMTAuMzQ4IDQuMjc5IDIyLjQ4IDEzLjQyIDMyLjEwNSA5LjEyMSA5LjYyOCAyMy4xNjUgMTYuNjQ4IDQyLjQzIDE2LjYzOWguMDYzYzE1Ljk4IDAgMjcuMDYyLTMuNTYzIDM3LjA3NC04LjQ5MmwuODUxLS40MTRWOTEuNTUzek0zMzQgMTM1LjY5N2gxNDQuMTk1VjBIMzM0djEzNS42OTd6Ii8+PHBhdGggZD0iTTI3Ni45MzcgODkuOTY4Yy4wNDEtMTIuMzMtOC4xNzEtMjEuNjk2LTIxLjMwOC0yNS4zIDMuNTQ0LTEuODA5IDYuMzUtNC4wMjMgOC40MDQtNi43MjcgMi43NS0zLjYyMiA0LjA2MS04LjA2NCA0LjA0Ni0xMy4yMzUuMDE1LTYuMzU5LTIuNDg2LTEyLjgzOS03Ljg1OC0xNy42ODctNS4zNzItNC44NDctMTMuNTI2LTcuOTk3LTI0LjY1NC03Ljk5MUgyMDQuODN2OTcuNzI4aDM2LjA3M2MxMi44NyAwIDIxLjkwNi0zLjQ4MiAyNy43MjItOC42NSA1LjgxOC01LjE1NSA4LjMyLTExLjkxIDguMzEyLTE4LjEzOHpNMTY3IDEzNS42OThoMTQ0LjE5N1YwSDE2N3YxMzUuNjk3eiIvPjxwYXRoIGQ9Ik0xMDkuOTM3IDg5Ljk2OGMuMDQxLTEyLjMzLTguMTcxLTIxLjY5Ni0yMS4zMDgtMjUuMyAzLjU0NC0xLjgwOSA2LjM1LTQuMDIzIDguNDA0LTYuNzI3IDIuNzUtMy42MjIgNC4wNjEtOC4wNjQgNC4wNDYtMTMuMjM1LjAxNS02LjM1OS0yLjQ4Ni0xMi44MzktNy44NTgtMTcuNjg3LTUuMzcyLTQuODQ3LTEzLjUyNi03Ljk5Ny0yNC42NTQtNy45OTFIMzcuODN2OTcuNzI4aDM2LjA3M2MxMi44NyAwIDIxLjkwNi0zLjQ4MiAyNy43MjItOC42NSA1LjgxOC01LjE1NSA4LjMyLTExLjkxIDguMzEyLTE4LjEzOHpNMCAxMzUuNjk4aDE0NC4xOTdWMEgwdjEzNS42OTd6Ii8+PHBhdGggZD0iTTI1OC42NjIgODguMTk4Yy0uMDEzIDMuMjI5LTEuMDA3IDYuNDc1LTMuODk2IDkuMDExLTIuODg0IDIuNTM3LTcuODczIDQuNDYzLTE2LjEzMyA0LjQ2M0gyMjJWNzVoMTUuODkzYzcuNDExIDAgMTIuNjcgMS41MDIgMTUuOTY1IDMuODUgMy4yODkgMi4zNjIgNC43NzYgNS40NjMgNC44MDQgOS4zNDgiLz48cGF0aCBkPSJNOTEuNjYyIDg4LjE5OGMtLjAxMyAzLjIyOS0xLjAwNyA2LjQ3NS0zLjg5NiA5LjAxMS0yLjg4NCAyLjUzNy03Ljg3NCA0LjQ2My0xNi4xMzMgNC40NjNINTVWNzVoMTUuODkyYzcuNDEyIDAgMTIuNjcyIDEuNTAyIDE1Ljk2NiAzLjg1IDMuMjg5IDIuMzYyIDQuNzc2IDUuNDYzIDQuODA0IDkuMzQ4Ii8+PHBhdGggZD0iTTI0NS4xODYgNTUuNzljMy4wOTYtMi4yMzcgNC41OS01LjM4NiA0LjYxMy0xMC4xMjQtLjAxNS0zLjI1LS45NDMtNi4wMzMtMy4yODEtOC4xMTEtMi4zNDYtMi4wNzgtNi4zMy0zLjU1NS0xMi43NTQtMy41NTVIMjIydjI1LjI3NWg4LjA3NmM2Ljk4OC4wMDQgMTEuOTk4LTEuMjQzIDE1LjExLTMuNDg2Ii8+PHBhdGggZD0iTTc4LjE4NiA1NS43OWMzLjA5Ni0yLjIzNyA0LjU5LTUuMzg2IDQuNjEzLTEwLjEyNC0uMDE1LTMuMjUtLjk0My02LjAzMy0zLjI4Mi04LjExMUM3Ny4xNzIgMzUuNDc3IDczLjE4OCAzNCA2Ni43NjQgMzRINTV2MjUuMjc1aDguMDc2YzYuOTg4LjAwNCAxMS45OTgtMS4yNDMgMTUuMTEtMy40ODYiLz48L2c+PC9nPjwvZz48L3N2Zz4K);
}

@media (min-width: 25rem) {
  .emotion-6 {
    -webkit-background-size: 77px 22px;
    background-size: 77px 22px;
  }
}

@media (min-width: 63rem) {
  .emotion-6 {
    -webkit-background-size: 93px 27px;
    background-size: 93px 27px;
  }
}

<div>
  <div
    class="emotion-0 emotion-1"
    data-e2e="media-player"
  >
    <iframe
      allow="autoplay"
      allowfullscreen=""
      class="emotion-2 emotion-3"
      height="362.953125"
      loading="lazy"
      scrolling="no"
      src="http://foo.bar/iframe"
      title="Media player"
      width="645.25"
    />
    <div
      class="emotion-4 emotion-5"
    >
      <div
        class="emotion-6 emotion-7"
        data-e2e="image-placeholder"
        style="padding-bottom: 56.25%;"
      />
    </div>
    <noscript />
  </div>
</div>
`;
