// Jest Snapshot v1, https://goo.gl/fbAQLP

exports[`AMP Articles Flourish Embed Error messages Link should match text and url 1`] = `
{
  "text": "Acesse a visão integral da página para visualizar todo o conteúdo.",
  "url": "http://localhost:7080/portuguese/articles/c72mg3j3x7eo",
}
`;

exports[`AMP Articles Flourish Embed Error messages Link should match text and url 2`] = `
{
  "text": "Acesse a visão integral da página para visualizar todo o conteúdo.",
  "url": "http://localhost:7080/portuguese/articles/c72mg3j3x7eo",
}
`;

exports[`AMP Articles Flourish Embed Error messages Link should match text and url 3`] = `
{
  "text": "Acesse a visão integral da página para visualizar todo o conteúdo.",
  "url": "http://localhost:7080/portuguese/articles/c72mg3j3x7eo",
}
`;

exports[`AMP Articles Flourish Embed Error messages Link should match text and url 4`] = `
{
  "text": "Acesse a visão integral da página para visualizar todo o conteúdo.",
  "url": "http://localhost:7080/portuguese/articles/c72mg3j3x7eo",
}
`;

exports[`AMP Articles Flourish Embed Error messages Link should match text and url 5`] = `
{
  "text": "Acesse a visão integral da página para visualizar todo o conteúdo.",
  "url": "http://localhost:7080/portuguese/articles/c72mg3j3x7eo",
}
`;
