// Jest Snapshot v1, https://goo.gl/fbAQLP

exports[`Topic Page SEO should correctly render linked data 1`] = `
{
  "@context": "http://schema.org",
  "@graph": [
    {
      "@type": "CollectionPage",
      "headline": "Donald Trump",
      "image": {
        "@type": "ImageObject",
        "height": 576,
        "url": "https://news.files.bbci.co.uk/ws/img/logos/og/pidgin.png",
        "width": 1024,
      },
      "inLanguage": {
        "@type": "Language",
        "alternateName": "pcm",
        "name": "Nigerian Pidgin",
      },
      "mainEntityOfPage": {
        "@id": "https://www.test.bbc.com/news/articles/c0g992jmmkko",
        "@type": "WebPage",
        "name": "Donald Trump",
      },
      "publisher": {
        "@type": "NewsMediaOrganization",
        "logo": {
          "@type": "ImageObject",
          "height": 576,
          "url": "https://news.files.bbci.co.uk/ws/img/logos/og/pidgin.png",
          "width": 1024,
        },
        "name": "BBC News Pidgin",
        "publishingPrinciples": "https://www.bbc.com/pidgin/institutional-48528766",
      },
      "thumbnailUrl": "https://news.files.bbci.co.uk/ws/img/logos/og/pidgin.png",
      "url": "https://www.test.bbc.com/news/articles/c0g992jmmkko",
    },
    {
      "@type": "ItemList",
      "itemListElement": [
        {
          "@context": "http://schema.org",
          "@type": "ListItem",
          "position": 1,
          "url": "https://www.bbc.com/pidgin/world-60465144",
        },
        {
          "@context": "http://schema.org",
          "@type": "ListItem",
          "position": 2,
          "url": "https://www.bbc.com/pidgin/tori-59901959",
        },
        {
          "@context": "http://schema.org",
          "@type": "ListItem",
          "position": 3,
          "url": "https://www.bbc.com/pidgin/tori-57396574",
        },
        {
          "@context": "http://schema.org",
          "@type": "ListItem",
          "position": 4,
          "url": "https://www.bbc.com/pidgin/tori-56991816",
        },
      ],
      "name": "BBC News Pidgin",
      "numberOfItems": 4,
    },
  ],
}
`;
