// Jest Snapshot v1, https://goo.gl/fbAQLP

exports[`Canonical Articles Embed HTML should match snapshot 1`] = `
<iframe
  allow="autoplay"
  referrerpolicy="strict-origin"
  src="https://www.riddle.com/embed/a/SAVstNdh?lazyImages=true&staticHeight=false"
>
  &lt;section data-block="SingleChoice"&gt;&lt;h2&gt;How silly is Abby?&lt;/h2&gt;&lt;p&gt;&lt;p&gt;Babby&lt;/p&gt;&lt;/p&gt;&lt;ul&gt;&lt;li&gt;Extremely silly&lt;/li&gt;&lt;li&gt;Not silly at all&lt;/li&gt;&lt;li&gt;Not very silly&lt;/li&gt;&lt;li&gt;Very silly&lt;/li&gt;&lt;/ul&gt;&lt;/section&gt;&lt;section data-block="SingleChoice"&gt;&lt;h3&gt;What is Abby&#039;s silliness level?&lt;/h3&gt;&lt;ul&gt;&lt;li&gt;High&lt;/li&gt;&lt;li&gt;Low&lt;/li&gt;&lt;li&gt;Medium&lt;/li&gt;&lt;li&gt;None&lt;/li&gt;&lt;/ul&gt;&lt;/section&gt;&lt;section data-block="SingleChoice"&gt;&lt;h3&gt;How often is Abby silly?&lt;/h3&gt;&lt;ul&gt;&lt;li&gt;Never&lt;/li&gt;&lt;li&gt;Rarely&lt;/li&gt;&lt;li&gt;Always&lt;/li&gt;&lt;li&gt;Sometimes&lt;/li&gt;&lt;/ul&gt;&lt;/section&gt;&lt;section data-block="SingleChoice"&gt;&lt;h3&gt;What is Abby&#039;s silliness like?&lt;/h3&gt;&lt;ul&gt;&lt;li&gt;Outrageous&lt;/li&gt;&lt;li&gt;Non-existent&lt;/li&gt;&lt;li&gt;Mild&lt;/li&gt;&lt;li&gt;Moderate&lt;/li&gt;&lt;/ul&gt;&lt;/section&gt;&lt;section data-block="SingleChoice"&gt;&lt;h3&gt;How would you describe Abby&#039;s silliness?&lt;/h3&gt;&lt;ul&gt;&lt;li&gt;Crazy&lt;/li&gt;&lt;li&gt;Calm&lt;/li&gt;&lt;li&gt;Boring&lt;/li&gt;&lt;li&gt;Sensible&lt;/li&gt;&lt;/ul&gt;&lt;/section&gt;
</iframe>
`;
