// Jest Snapshot v1, https://goo.gl/fbAQLP

exports[`Canonical New_live I can see the branding 1`] = `".css-1jefi8v{box-sizing:content-box;color:#FFFFFF;fill:currentColor;height:1.25rem;}@media (min-width: 25rem){.css-1jefi8v{height:1.5rem;}}@media (min-width: 37.5rem){.css-1jefi8v{height:1.875rem;}}@media screen and (-ms-high-contrast: active),print{.css-1jefi8v{fill:windowText;}}.css-m04vo2{-webkit-clip-path:inset(100%);clip-path:inset(100%);clip:rect(1px, 1px, 1px, 1px);height:1px;overflow:hidden;position:absolute;width:1px;margin:0;}BBC News, Pidgin"`;
