// Jest Snapshot v1, https://goo.gl/fbAQLP

exports[`RecommendationsPromo it renders a Story Promo wrapped in a Grid component 1`] = `
@supports (display: grid) {
  .emotion-0 {
    display: grid;
    position: initial;
    width: initial;
    margin: 0;
  }

  @media (max-width: 14.9375rem) {
    .emotion-0 {
      grid-template-columns: repeat(1, 1fr);
      grid-column-end: span 1;
      grid-column-gap: 0.5rem;
    }
  }

  @media (min-width: 15rem) and (max-width: 24.9375rem) {
    .emotion-0 {
      grid-template-columns: repeat(1, 1fr);
      grid-column-end: span 1;
      grid-column-gap: 0.5rem;
    }
  }

  @media (min-width: 25rem) and (max-width: 37.4375rem) {
    .emotion-0 {
      grid-template-columns: repeat(1, 1fr);
      grid-column-end: span 1;
      grid-column-gap: 0.5rem;
    }
  }

  @media (min-width: 37.5rem) and (max-width: 62.9375rem) {
    .emotion-0 {
      grid-template-columns: repeat(1, 1fr);
      grid-column-end: span 1;
      grid-column-gap: 1rem;
    }
  }

  @media (min-width: 63rem) and (max-width: 79.9375rem) {
    .emotion-0 {
      grid-template-columns: repeat(1, 1fr);
      grid-column-end: span 1;
      grid-column-gap: 1rem;
    }
  }

  @media (min-width: 80rem) {
    .emotion-0 {
      grid-template-columns: repeat(1, 1fr);
      grid-column-end: span 1;
      grid-column-gap: 1rem;
    }
  }
}

.emotion-2 {
  position: relative;
  padding: 0.5rem;
  margin-top: 0.5rem;
  background-color: #F6F6F6;
}

.emotion-4 {
  display: inline-block;
  position: relative;
  width: 4.7rem;
  vertical-align: top;
}

@media (min-width: 25rem) {
  .emotion-4 {
    width: 6.8rem;
  }
}

@media (min-width: 37.5rem) {
  .emotion-4 {
    width: 7.5rem;
  }
}

.emotion-6 {
  position: relative;
  height: 0;
  overflow: hidden;
  background-color: #F2F2F2;
  -webkit-background-position: center center;
  background-position: center center;
  background-repeat: no-repeat;
  -webkit-background-size: 60px 17px;
  background-size: 60px 17px;
  width: 100%;
  background-image: url(data:image/svg+xml;base64,PD94bWwgdmVyc2lvbj0iMS4wIiBlbmNvZGluZz0iVVRGLTgiPz48c3ZnIHdpZHRoPSI0NzkiIGhlaWdodD0iMTM2IiB4bWxucz0iaHR0cDovL3d3dy53My5vcmcvMjAwMC9zdmciPjxnIGZpbGw9Im5vbmUiIGZpbGwtcnVsZT0iZXZlbm9kZCI+PGcgZmlsbD0iI0Q1RDBDRCI+PGc+PHBhdGggZD0iTTQ0OS41NTYgOTEuNTUzbC0yLjMxIDEuNDFjLTExLjE2NyA2LjgxOC0yMy4zMTMgMTAuNDc0LTM0LjM0NiAxMC40Ny0yMy42MS0uMDktMzkuMTYzLTE0LjA4My0zOS4yMjctMzQuNDUzLjAzLTE5LjkxOCAxNi4yNy0zNC42NjMgMzguNjMzLTM0LjcxOCAxMS4zODcuMDEgMjEuNzAzIDIuOTU0IDMzLjk2MiA5LjY3MmwyLjI1MSAxLjI0di0xOC4xOWwtLjk2Mi0uMzc3Yy0xMy44MjQtNS40NTgtMjQuNTMtNy44OS0zNS4xMDMtNy44ODQtMTYuMzQ2LS4wMDYtMzAuNTMzIDUuMzk0LTQwLjYzNyAxNC41NTctMTAuMTA1IDkuMTYzLTE2LjEwNiAyMi4xMDItMTYuMDk5IDM2Ljk1My4wMDggMTAuMzQ4IDQuMjc5IDIyLjQ4IDEzLjQyIDMyLjEwNSA5LjEyMSA5LjYyOCAyMy4xNjUgMTYuNjQ4IDQyLjQzIDE2LjYzOWguMDYzYzE1Ljk4IDAgMjcuMDYyLTMuNTYzIDM3LjA3NC04LjQ5MmwuODUxLS40MTRWOTEuNTUzek0zMzQgMTM1LjY5N2gxNDQuMTk1VjBIMzM0djEzNS42OTd6Ii8+PHBhdGggZD0iTTI3Ni45MzcgODkuOTY4Yy4wNDEtMTIuMzMtOC4xNzEtMjEuNjk2LTIxLjMwOC0yNS4zIDMuNTQ0LTEuODA5IDYuMzUtNC4wMjMgOC40MDQtNi43MjcgMi43NS0zLjYyMiA0LjA2MS04LjA2NCA0LjA0Ni0xMy4yMzUuMDE1LTYuMzU5LTIuNDg2LTEyLjgzOS03Ljg1OC0xNy42ODctNS4zNzItNC44NDctMTMuNTI2LTcuOTk3LTI0LjY1NC03Ljk5MUgyMDQuODN2OTcuNzI4aDM2LjA3M2MxMi44NyAwIDIxLjkwNi0zLjQ4MiAyNy43MjItOC42NSA1LjgxOC01LjE1NSA4LjMyLTExLjkxIDguMzEyLTE4LjEzOHpNMTY3IDEzNS42OThoMTQ0LjE5N1YwSDE2N3YxMzUuNjk3eiIvPjxwYXRoIGQ9Ik0xMDkuOTM3IDg5Ljk2OGMuMDQxLTEyLjMzLTguMTcxLTIxLjY5Ni0yMS4zMDgtMjUuMyAzLjU0NC0xLjgwOSA2LjM1LTQuMDIzIDguNDA0LTYuNzI3IDIuNzUtMy42MjIgNC4wNjEtOC4wNjQgNC4wNDYtMTMuMjM1LjAxNS02LjM1OS0yLjQ4Ni0xMi44MzktNy44NTgtMTcuNjg3LTUuMzcyLTQuODQ3LTEzLjUyNi03Ljk5Ny0yNC42NTQtNy45OTFIMzcuODN2OTcuNzI4aDM2LjA3M2MxMi44NyAwIDIxLjkwNi0zLjQ4MiAyNy43MjItOC42NSA1LjgxOC01LjE1NSA4LjMyLTExLjkxIDguMzEyLTE4LjEzOHpNMCAxMzUuNjk4aDE0NC4xOTdWMEgwdjEzNS42OTd6Ii8+PHBhdGggZD0iTTI1OC42NjIgODguMTk4Yy0uMDEzIDMuMjI5LTEuMDA3IDYuNDc1LTMuODk2IDkuMDExLTIuODg0IDIuNTM3LTcuODczIDQuNDYzLTE2LjEzMyA0LjQ2M0gyMjJWNzVoMTUuODkzYzcuNDExIDAgMTIuNjcgMS41MDIgMTUuOTY1IDMuODUgMy4yODkgMi4zNjIgNC43NzYgNS40NjMgNC44MDQgOS4zNDgiLz48cGF0aCBkPSJNOTEuNjYyIDg4LjE5OGMtLjAxMyAzLjIyOS0xLjAwNyA2LjQ3NS0zLjg5NiA5LjAxMS0yLjg4NCAyLjUzNy03Ljg3NCA0LjQ2My0xNi4xMzMgNC40NjNINTVWNzVoMTUuODkyYzcuNDEyIDAgMTIuNjcyIDEuNTAyIDE1Ljk2NiAzLjg1IDMuMjg5IDIuMzYyIDQuNzc2IDUuNDYzIDQuODA0IDkuMzQ4Ii8+PHBhdGggZD0iTTI0NS4xODYgNTUuNzljMy4wOTYtMi4yMzcgNC41OS01LjM4NiA0LjYxMy0xMC4xMjQtLjAxNS0zLjI1LS45NDMtNi4wMzMtMy4yODEtOC4xMTEtMi4zNDYtMi4wNzgtNi4zMy0zLjU1NS0xMi43NTQtMy41NTVIMjIydjI1LjI3NWg4LjA3NmM2Ljk4OC4wMDQgMTEuOTk4LTEuMjQzIDE1LjExLTMuNDg2Ii8+PHBhdGggZD0iTTc4LjE4NiA1NS43OWMzLjA5Ni0yLjIzNyA0LjU5LTUuMzg2IDQuNjEzLTEwLjEyNC0uMDE1LTMuMjUtLjk0My02LjAzMy0zLjI4Mi04LjExMUM3Ny4xNzIgMzUuNDc3IDczLjE4OCAzNCA2Ni43NjQgMzRINTV2MjUuMjc1aDguMDc2YzYuOTg4LjAwNCAxMS45OTgtMS4yNDMgMTUuMTEtMy40ODYiLz48L2c+PC9nPjwvZz48L3N2Zz4K);
}

@media (min-width: 25rem) {
  .emotion-6 {
    -webkit-background-size: 77px 22px;
    background-size: 77px 22px;
  }
}

@media (min-width: 63rem) {
  .emotion-6 {
    -webkit-background-size: 93px 27px;
    background-size: 93px 27px;
  }
}

.emotion-8 {
  display: inline-block;
  width: calc(100% - 7.5rem);
  padding: 0 0.5rem;
  vertical-align: top;
  height: 100%;
}

@media (max-width: 24.9375rem) {
  .emotion-8 {
    width: calc(100% - 5rem);
  }
}

@media (min-width: 37.5rem) {
  .emotion-8 {
    padding: 0 1rem;
  }
}

.emotion-10 {
  font-family: Helmet,Freesans,Helvetica,Arial,sans-serif;
  font-weight: 700;
  font-style: normal;
  font-size: 0.9375rem;
  line-height: 1.25rem;
  color: #141414;
  margin: 0;
  height: 100%;
  display: -webkit-box;
  display: -webkit-flex;
  display: -ms-flexbox;
  display: flex;
  -webkit-align-items: center;
  -webkit-box-align: center;
  -ms-flex-align: center;
  align-items: center;
}

@media (min-width: 20rem) and (max-width: 37.4375rem) {
  .emotion-10 {
    font-size: 1rem;
    line-height: 1.25rem;
  }
}

@media (min-width: 37.5rem) {
  .emotion-10 {
    font-size: 1rem;
    line-height: 1.25rem;
  }
}

.emotion-12 {
  position: static;
  color: #141414;
  -webkit-text-decoration: none;
  text-decoration: none;
  overflow-wrap: break-word;
}

.emotion-12:before {
  bottom: 0;
  content: '';
  left: 0;
  overflow: hidden;
  position: absolute;
  right: 0;
  top: 0;
  white-space: nowrap;
  z-index: 1;
}

.emotion-12:hover,
.emotion-12:focus {
  -webkit-text-decoration: underline;
  text-decoration: underline;
}

.emotion-12:visited {
  color: #6E6E73;
}

<div>
  <div
    class="emotion-0 emotion-1"
    dir="ltr"
  >
    <div
      class="emotion-2 emotion-3"
      data-e2e="story-promo-wrapper"
    >
      <div
        class="emotion-4 emotion-5"
      >
        <div
          class="emotion-6 emotion-7"
          data-e2e="image-placeholder"
          style="padding-bottom: 56.25%;"
        >
          <div
            class="lazyload-wrapper "
          >
            <div
              class="lazyload-placeholder"
            />
          </div>
        </div>
      </div>
      <div
        class="emotion-8 emotion-9"
      >
        <div
          class="emotion-10 emotion-11"
        >
          <a
            class="emotion-12 emotion-13"
            href="/pidgin/44508901"
          >
            Meet boys who dey convert cassava to electricity
          </a>
        </div>
      </div>
    </div>
  </div>
</div>
`;
