// Jest Snapshot v1, https://goo.gl/fbAQLP

exports[`CanonicalAds Ads Snapshots should push dotcom bootstrap and configuration to a head script 1`] = `<div />`;
