// Jest Snapshot v1, https://goo.gl/fbAQLP

exports[`BrandContainer should render correctly 1`] = `
.emotion-1 {
  background-color: #B80000;
  height: 2.75rem;
  width: 100%;
  padding: 0 0.5rem;
  position: relative;
  z-index: 1;
}

@media (min-width: 25rem) {
  .emotion-1 {
    height: 3.5rem;
    padding: 0 1rem;
  }
}

@media (min-width: 37.5rem) {
  .emotion-1 {
    height: 4rem;
  }
}

.emotion-1 svg {
  fill: currentColor;
}

@media screen and (forced-colors: active) {
  .emotion-1 svg {
    fill: linkText;
  }
}

.emotion-3 {
  height: 100%;
  position: relative;
  display: -webkit-box;
  display: -webkit-flex;
  display: -ms-flexbox;
  display: flex;
  -webkit-box-pack: justify;
  -webkit-justify-content: space-between;
  justify-content: space-between;
  -webkit-align-items: center;
  -webkit-box-align: center;
  -ms-flex-align: center;
  align-items: center;
  -webkit-box-flex-wrap: wrap;
  -webkit-flex-wrap: wrap;
  -ms-flex-wrap: wrap;
  flex-wrap: wrap;
  max-width: 63rem;
  margin: 0 auto;
}

@media (max-width: 14.9375rem) {
  .emotion-3 {
    display: block;
  }
}

.emotion-5 {
  height: 100%;
  display: -webkit-box;
  display: -webkit-flex;
  display: -ms-flexbox;
  display: flex;
  -webkit-align-items: center;
  -webkit-box-align: center;
  -ms-flex-align: center;
  align-items: center;
  position: relative;
  bottom: 0.125rem;
  padding-top: 0.125rem;
}

.emotion-5:hover,
.emotion-5:focus {
  -webkit-text-decoration: none;
  text-decoration: none;
  border-bottom: 0.25rem solid #FFFFFF;
  margin-bottom: -0.25rem;
}

.emotion-5:focus-visible::after {
  content: '';
  position: absolute;
  top: 0;
  left: -0.1875rem;
  bottom: 0;
  right: -0.1875rem;
  border-top: 0.25rem solid #FFFFFF;
  outline: 0.25rem solid #FFFFFF;
}

.emotion-7 {
  box-sizing: content-box;
  color: #FFFFFF;
  fill: currentColor;
  height: 1.25rem;
}

@media (min-width: 25rem) {
  .emotion-7 {
    height: 1.5rem;
  }
}

@media (min-width: 37.5rem) {
  .emotion-7 {
    height: 1.875rem;
  }
}

@media screen and (-ms-high-contrast: active),print {
  .emotion-7 {
    fill: windowText;
  }
}

.emotion-9 {
  -webkit-clip-path: inset(100%);
  clip-path: inset(100%);
  clip: rect(1px, 1px, 1px, 1px);
  height: 1px;
  overflow: hidden;
  position: absolute;
  width: 1px;
  margin: 0;
}

<div
  class="emotion-0 emotion-1 emotion-2"
>
  <div
    class="emotion-3 emotion-4"
  >
    <a
      aria-labelledby="BrandLink-null"
      class="focusIndicatorRemove emotion-5 emotion-6"
      href="/news"
    >
      <svg
        aria-hidden="true"
        class="emotion-7 emotion-8"
        focusable="false"
        height="32"
        viewBox="0 0 980 142"
        xmlns="http://www.w3.org/2000/svg"
      >
        <g
          fill-rule="evenodd"
          stroke="#000"
          stroke-width=".335"
          style="stroke: #fff;"
        >
          <path
            d="M0 0v141.732h141.732V0Zm98.839 100.024a23.16 23.16 0 0 1-10.352 7.917 42.088 42.088 0 0 1-16.153 2.787H40.571V31.004h29.92q13.224 0 20.489 5.296 7.261 5.296 7.263 15.22a18.29 18.29 0 0 1-2.602 9.868 17.917 17.917 0 0 1-7.697 6.634 21.248 21.248 0 0 1 10.786 7.415 20.186 20.186 0 0 1 3.74 12.32 20.663 20.663 0 0 1-3.631 12.267Zm-20.272-38.97a9.358 9.358 0 0 0 3.307-7.638q0-9.476-12.901-9.477H56.724v19.847h12.249q6.287 0 9.594-2.732Zm-7.534 15.22H56.724v21.52h14.093q7.261 0 11.166-2.732a9.01 9.01 0 0 0 3.903-7.861q-.001-10.926-14.853-10.927ZM177.166 0v141.732h141.732V0Zm98.838 100.024a23.16 23.16 0 0 1-10.352 7.917 42.088 42.088 0 0 1-16.153 2.787h-31.763V31.004h29.92q13.224 0 20.489 5.296 7.261 5.298 7.263 15.22a18.29 18.29 0 0 1-2.602 9.868 17.917 17.917 0 0 1-7.697 6.634 21.248 21.248 0 0 1 10.786 7.415 20.187 20.187 0 0 1 3.74 12.32 20.663 20.663 0 0 1-3.631 12.267Zm-20.271-38.97a9.358 9.358 0 0 0 3.307-7.638q0-9.476-12.901-9.477H233.89v19.847h12.249q6.287 0 9.594-2.732Zm-7.535 15.22h-14.309v21.52h14.093q7.261 0 11.166-2.732a9.01 9.01 0 0 0 3.903-7.861q-.001-10.926-14.853-10.927Zm106.133 65.459h141.732V0H354.331Zm101.793-36.057a46.238 46.238 0 0 1-11.478 4.316 58.045 58.045 0 0 1-13.729 1.585 50.05 50.05 0 0 1-17.217-2.787 35.175 35.175 0 0 1-12.941-8.033 34.802 34.802 0 0 1-8.102-12.842 48.987 48.987 0 0 1-2.814-17.104 45.738 45.738 0 0 1 2.926-16.776 35.83 35.83 0 0 1 8.44-12.842 37.18 37.18 0 0 1 13.222-8.197 49.66 49.66 0 0 1 17.274-2.842 55.607 55.607 0 0 1 12.547 1.366 46.64 46.64 0 0 1 10.972 3.989v15.519a36.756 36.756 0 0 0-10.016-4.645 40.183 40.183 0 0 0-11.365-1.585 29.66 29.66 0 0 0-14.01 3.06 20.959 20.959 0 0 0-8.89 8.853 29.58 29.58 0 0 0-3.094 14.098 30.845 30.845 0 0 0 2.982 14.154 20.367 20.367 0 0 0 8.664 8.907 28.727 28.727 0 0 0 13.785 3.06 42.724 42.724 0 0 0 22.844-6.448Zm162.072 18.34q-11.596-18.582-23.49-37.242-11.897-18.656-23.49-36.2v73.442h-22.003V17.718h23.192q12.042 17.99 23.713 36.052 11.668 18.063 23.266 36.646V17.718h22.003v106.298Zm44.258-106.298h73.145v19.029h-50.25V59.79h44.601V78.82h-44.601v26.166h53.075v19.03h-75.97Zm177.915 106.298q-5.055-17.987-9.886-35.978-4.833-17.987-9.441-35.978-4.46 17.99-9.217 35.978-4.76 17.99-9.812 35.978H777.78Q770.198 98 763.21 71.386q-6.99-26.61-13.231-53.67h24.976q3.715 20.666 7.88 41.33 4.16 20.668 8.771 40.587 9.959-38.802 18.881-77.456h22.3q4.461 19.032 9.143 37.985 4.683 18.955 9.589 37.836 4.46-19.625 8.623-39.843 4.16-20.216 7.73-40.438h24.531q-6.244 27.06-13.231 53.67-6.99 26.613-14.57 52.629Zm95.37 2.23a78.37 78.37 0 0 1-17.32-1.933 66.24 66.24 0 0 1-16.428-6.096V97.7a63.933 63.933 0 0 0 33.748 9.664q10.109 0 15.387-3.42a10.75 10.75 0 0 0 5.278-9.514 9.755 9.755 0 0 0-2.601-7.211 18.56 18.56 0 0 0-6.913-4.163 99.45 99.45 0 0 0-9.663-2.9 110.65 110.65 0 0 1-15.462-4.756 45.068 45.068 0 0 1-11.299-6.32 23.846 23.846 0 0 1-6.987-8.77 28.942 28.942 0 0 1-2.379-12.265 29.446 29.446 0 0 1 5.129-17.395 32.716 32.716 0 0 1 14.496-11.225q9.366-3.938 22.3-3.94a72.223 72.223 0 0 1 16.651 1.934 67.688 67.688 0 0 1 14.718 5.204v20.219a56.134 56.134 0 0 0-14.792-6.244 63.276 63.276 0 0 0-16.577-2.231q-9.07 0-14.049 3.122a9.935 9.935 0 0 0-4.981 8.92 9.093 9.093 0 0 0 2.379 6.616 17.36 17.36 0 0 0 6.765 4.014q4.383 1.561 10.332 3.048 7.583 1.935 14.124 4.237a45.864 45.864 0 0 1 11.521 5.872 24.459 24.459 0 0 1 7.731 9.069 30.061 30.061 0 0 1 2.75 13.529q0 10.558-5.203 18.063a32.29 32.29 0 0 1-15.016 11.447q-9.813 3.939-23.639 3.94Z"
          />
        </g>
      </svg>
      <span
        class="emotion-9 emotion-10"
        id="BrandLink-null"
      >
        BBC News
      </span>
    </a>
  </div>
</div>
`;
