// Jest Snapshot v1, https://goo.gl/fbAQLP

exports[`Styles NEGATIVE_MARGIN should match text 1`] = `
"@media (max-width: 24.9375rem) {
    /* To remove GEL Margins */
    margin: 2rem -0.5rem 0;
    padding: 0 0.5rem;
  }
  @media (min-width: 25rem) {
    margin: 2rem -1rem 0;
  }
  @media (min-width: 37.5rem) {
    margin: 1.5rem -1rem 0;
  }"
`;

exports[`Styles visuallyHiddenStyle should match text 1`] = `
"
clip-path: inset(100%);
clip: rect(1px, 1px, 1px, 1px);
height: 1px;
overflow: hidden;
position: absolute;
width: 1px;
margin: 0;
"
`;
